
> converttools@0.1.0 build
> next build

Ôû▓ Next.js 16.2.1 (Turbopack)
- Environments: .env.local

  Creating an optimized production build ...
Ô£ô Compiled successfully in 21.0s
  Running TypeScript ...
  Finished TypeScript in 5.3s ...
  Collecting page data using 11 workers ...
  Generating static pages using 11 workers (0/9) ...
  Generating static pages using 11 workers (2/9) 
  Generating static pages using 11 workers (4/9) 
  Generating static pages using 11 workers (6/9) 
Ô£ô Generating static pages using 11 workers (9/9) in 516ms
  Finalizing page optimization ...

Route (app)
Ôöî Ôùï /
Ôö£ Ôùï /_not-found
Ôö£ ãÆ /[...slug]
Ôö£ ãÆ /api/vectorize
Ôö£ Ôùï /icon.png
Ôö£ Ôùï /pricing
Ôö£ Ôùï /privacy
Ôö£ Ôùï /robots.txt
Ôöö Ôùï /sitemap.xml


ãÆ Proxy (Middleware)

Ôùï  (Static)   prerendered as static content
ãÆ  (Dynamic)  server-rendered on demand

